Archive member included because of file (symbol)

c:/software/emblocks/share/em_armgcc/bin/../lib/gcc/arm-none-eabi/4.7.3/../../../../arm-none-eabi/lib/armv7-m\libc.a(lib_a-__atexit.o)
                              c:/software/emblocks/share/em_armgcc/bin/../lib/gcc/arm-none-eabi/4.7.3/../../../../arm-none-eabi/lib/armv7-m/crt0.o (__register_exitproc)
c:/software/emblocks/share/em_armgcc/bin/../lib/gcc/arm-none-eabi/4.7.3/../../../../arm-none-eabi/lib/armv7-m\libc.a(lib_a-exit.o)
                              c:/software/emblocks/share/em_armgcc/bin/../lib/gcc/arm-none-eabi/4.7.3/../../../../arm-none-eabi/lib/armv7-m/crt0.o (exit)
c:/software/emblocks/share/em_armgcc/bin/../lib/gcc/arm-none-eabi/4.7.3/../../../../arm-none-eabi/lib/armv7-m\libc.a(lib_a-fini.o)
                              c:/software/emblocks/share/em_armgcc/bin/../lib/gcc/arm-none-eabi/4.7.3/../../../../arm-none-eabi/lib/armv7-m/crt0.o (__libc_fini_array)
c:/software/emblocks/share/em_armgcc/bin/../lib/gcc/arm-none-eabi/4.7.3/../../../../arm-none-eabi/lib/armv7-m\libc.a(lib_a-impure.o)
                              c:/software/emblocks/share/em_armgcc/bin/../lib/gcc/arm-none-eabi/4.7.3/../../../../arm-none-eabi/lib/armv7-m\libc.a(lib_a-__atexit.o) (_global_impure_ptr)
c:/software/emblocks/share/em_armgcc/bin/../lib/gcc/arm-none-eabi/4.7.3/../../../../arm-none-eabi/lib/armv7-m\libc.a(lib_a-init.o)
                              c:/software/emblocks/share/em_armgcc/bin/../lib/gcc/arm-none-eabi/4.7.3/../../../../arm-none-eabi/lib/armv7-m/crt0.o (__libc_init_array)
c:/software/emblocks/share/em_armgcc/bin/../lib/gcc/arm-none-eabi/4.7.3/../../../../arm-none-eabi/lib/armv7-m\libc.a(lib_a-memset.o)
                              c:/software/emblocks/share/em_armgcc/bin/../lib/gcc/arm-none-eabi/4.7.3/../../../../arm-none-eabi/lib/armv7-m/crt0.o (memset)
c:/software/emblocks/share/em_armgcc/bin/../lib/gcc/arm-none-eabi/4.7.3/../../../../arm-none-eabi/lib/armv7-m\libc.a(lib_a-__call_atexit.o)
                              c:/software/emblocks/share/em_armgcc/bin/../lib/gcc/arm-none-eabi/4.7.3/../../../../arm-none-eabi/lib/armv7-m\libc.a(lib_a-exit.o) (__call_exitprocs)
c:/software/emblocks/share/em_armgcc/bin/../lib/gcc/arm-none-eabi/4.7.3/../../../../arm-none-eabi/lib/armv7-m\libc.a(lib_a-atexit.o)
                              c:/software/emblocks/share/em_armgcc/bin/../lib/gcc/arm-none-eabi/4.7.3/../../../../arm-none-eabi/lib/armv7-m\libc.a(lib_a-__call_atexit.o) (atexit)
c:/software/emblocks/share/em_armgcc/bin/../lib/gcc/arm-none-eabi/4.7.3/../../../../arm-none-eabi/lib/armv7-m\libnosys.a(_exit.o)
                              c:/software/emblocks/share/em_armgcc/bin/../lib/gcc/arm-none-eabi/4.7.3/../../../../arm-none-eabi/lib/armv7-m\libc.a(lib_a-exit.o) (_exit)

Allocating common symbols
Common symbol       size              file

hUsbDeviceFS        0x224             obj\debug\usb_device.o
uwTick              0x4               obj\debug\stm32f1xx_hal.o
pFlash              0x20              obj\debug\stm32f1xx_hal_flash.o
hpcd_USB_FS         0x460             obj\debug\usbd_conf.o
USBD_StrDesc        0x200             obj\debug\usbd_desc.o

Discarded input sections

 .text          0x00000000        0x0 c:/software/emblocks/share/em_armgcc/bin/../lib/gcc/arm-none-eabi/4.7.3/armv7-m/crti.o
 .data          0x00000000        0x0 c:/software/emblocks/share/em_armgcc/bin/../lib/gcc/arm-none-eabi/4.7.3/armv7-m/crti.o
 .bss           0x00000000        0x0 c:/software/emblocks/share/em_armgcc/bin/../lib/gcc/arm-none-eabi/4.7.3/armv7-m/crti.o
 .data          0x00000000        0x4 c:/software/emblocks/share/em_armgcc/bin/../lib/gcc/arm-none-eabi/4.7.3/armv7-m/crtbegin.o
 .text          0x00000000       0x70 c:/software/emblocks/share/em_armgcc/bin/../lib/gcc/arm-none-eabi/4.7.3/../../../../arm-none-eabi/lib/armv7-m/crt0.o
 .data          0x00000000        0x0 c:/software/emblocks/share/em_armgcc/bin/../lib/gcc/arm-none-eabi/4.7.3/../../../../arm-none-eabi/lib/armv7-m/crt0.o
 .bss           0x00000000        0x0 c:/software/emblocks/share/em_armgcc/bin/../lib/gcc/arm-none-eabi/4.7.3/../../../../arm-none-eabi/lib/armv7-m/crt0.o
 .ARM.extab     0x00000000        0x0 c:/software/emblocks/share/em_armgcc/bin/../lib/gcc/arm-none-eabi/4.7.3/../../../../arm-none-eabi/lib/armv7-m/crt0.o
 .ARM.exidx     0x00000000        0x8 c:/software/emblocks/share/em_armgcc/bin/../lib/gcc/arm-none-eabi/4.7.3/../../../../arm-none-eabi/lib/armv7-m/crt0.o
 .ARM.attributes
                0x00000000       0x1b c:/software/emblocks/share/em_armgcc/bin/../lib/gcc/arm-none-eabi/4.7.3/../../../../arm-none-eabi/lib/armv7-m/crt0.o
 .text          0x00000000        0x0 c:/software/emblocks/share/em_armgcc/bin/../lib/gcc/arm-none-eabi/4.7.3/../../../../arm-none-eabi/lib/armv7-m\libc.a(lib_a-__atexit.o)
 .data          0x00000000        0x0 c:/software/emblocks/share/em_armgcc/bin/../lib/gcc/arm-none-eabi/4.7.3/../../../../arm-none-eabi/lib/armv7-m\libc.a(lib_a-__atexit.o)
[...]
Memory Configuration

Name             Origin             Length             Attributes
RAM              0x20000000         0x00005000         xrw
FLASH            0x08000000         0x00010000         xr
*default*        0x00000000         0xffffffff

Linker script and memory map

LOAD c:/software/emblocks/share/em_armgcc/bin/../lib/gcc/arm-none-eabi/4.7.3/armv7-m/crti.o
LOAD c:/software/emblocks/share/em_armgcc/bin/../lib/gcc/arm-none-eabi/4.7.3/armv7-m/crtbegin.o
LOAD c:/software/emblocks/share/em_armgcc/bin/../lib/gcc/arm-none-eabi/4.7.3/../../../../arm-none-eabi/lib/armv7-m/crt0.o
                0x20005000                _estack = 0x20005000
                0x00000200                _Min_Heap_Size = 0x200
                0x00000400                _Min_Stack_Size = 0x400

.isr_vector     0x08000000      0x10c
                0x08000000                . = ALIGN (0x4)
 *(.isr_vector)
 .isr_vector    0x08000000      0x10c obj\debug\startup_stm32f103x6.o
                0x08000000                g_pfnVectors
                0x0800010c                . = ALIGN (0x4)

.text           0x0800010c     0x735c
                0x0800010c                . = ALIGN (0x4)
 *(.text)
 .text          0x0800010c       0x54 c:/software/emblocks/share/em_armgcc/bin/../lib/gcc/arm-none-eabi/4.7.3/armv7-m/crtbegin.o
 .text          0x08000160      0x308 obj\debug\stm32f1xx_hal.o
                0x08000160                HAL_Init
                0x08000198                HAL_DeInit
                0x080001ec                HAL_MspDeInit
                0x080001f8                HAL_InitTick
                0x0800023c                HAL_IncTick
                0x08000260                HAL_GetTick
                0x08000278                HAL_Delay
                0x080002b4                HAL_SuspendTick
                0x080002d8                HAL_ResumeTick
                0x080002fc                HAL_GetHalVersion
                0x08000310                HAL_GetREVID
                0x0800032c                HAL_GetDEVID
                0x0800034c                HAL_DBGMCU_EnableDBGSleepMode
                0x08000370                HAL_DBGMCU_DisableDBGSleepMode
                0x08000394                HAL_DBGMCU_EnableDBGStopMode
                0x080003b8                HAL_DBGMCU_DisableDBGStopMode
                0x080003dc                HAL_DBGMCU_EnableDBGStandbyMode
                0x08000400                HAL_DBGMCU_DisableDBGStandbyMode
                0x08000424                HAL_GetUID
 .text          0x08000468      0x5dc obj\debug\stm32f1xx_hal_cortex.o
                0x08000874                HAL_NVIC_SetPriorityGrouping
                0x0800088c                HAL_NVIC_SetPriority
                0x080008c8                HAL_NVIC_EnableIRQ
                0x080008e4                HAL_NVIC_DisableIRQ
                0x08000900                HAL_NVIC_SystemReset
                0x0800090c                HAL_SYSTICK_Config
                0x08000928                HAL_NVIC_GetPriorityGrouping
                0x08000938                HAL_NVIC_GetPriority
                0x08000968                HAL_NVIC_SetPendingIRQ
                0x08000984                HAL_NVIC_GetPendingIRQ
                0x080009a4                HAL_NVIC_ClearPendingIRQ
                0x080009c0                HAL_NVIC_GetActive
                0x080009e0                HAL_SYSTICK_CLKSourceConfig
                0x08000a2c                HAL_SYSTICK_IRQHandler
                0x08000a38                HAL_SYSTICK_Callback
 .text          0x08000a44      0x6a8 obj\debug\stm32f1xx_hal_gpio.o
                0x08000a44                HAL_GPIO_Init
                0x08000dc8                HAL_GPIO_DeInit
                0x08000fc0                HAL_GPIO_ReadPin
                0x08000ff4                HAL_GPIO_WritePin
                0x08001028                HAL_GPIO_TogglePin
                0x0800104c                HAL_GPIO_LockPin
                0x080010a0                HAL_GPIO_EXTI_IRQHandler
                0x080010d8                HAL_GPIO_EXTI_Callback
 .text          0x080010ec     0x12a4 obj\debug\stm32f1xx_hal_pcd.o
                0x080010ec                HAL_PCD_Init
                0x080012f8                HAL_PCD_DeInit
                0x08001364                HAL_PCD_Start
                0x080013bc                HAL_PCD_Stop
                0x08001414                HAL_PCD_IRQHandler
                0x080016f4                HAL_PCD_DevConnect
                0x08001744                HAL_PCD_DevDisconnect
                0x08001794                HAL_PCD_SetAddress
                0x080017e8                HAL_PCD_EP_Open
                0x08001898                HAL_PCD_EP_Close
                0x08001934                HAL_PCD_EP_Receive
                0x080019b8                HAL_PCD_EP_GetRxCount
                0x080019ec                HAL_PCD_EP_Transmit
                0x08001a70                HAL_PCD_EP_SetStall
                0x08001b2c                HAL_PCD_EP_ClrStall
                0x08001bcc                HAL_PCD_EP_Flush
                0x08001c30                HAL_PCD_ActivateRemoteWakeup
                0x08001c50                HAL_PCD_DeActivateRemoteWakeup
                0x08001c70                HAL_PCD_GetState
 .text          0x08002390       0xa4 obj\debug\stm32f1xx_hal_pcd_ex.o
                0x08002390                HAL_PCDEx_PMAConfig
 .text          0x08002434      0xe80 obj\debug\stm32f1xx_hal_rcc.o
                0x08002434                HAL_RCC_DeInit
                0x080024d4                HAL_RCC_OscConfig
                0x08002b80                HAL_RCC_ClockConfig
                0x08002e10                HAL_RCC_MCOConfig
                0x08002ec0                HAL_RCC_EnableCSS
                0x08002ed8                HAL_RCC_DisableCSS
                0x08002ef0                HAL_RCC_GetSysClockFreq
                0x08002fe8                HAL_RCC_GetHCLKFreq
                0x08003000                HAL_RCC_GetPCLK1Freq
                0x08003030                HAL_RCC_GetPCLK2Freq
                0x08003060                HAL_RCC_GetOscConfig
                0x080031b4                HAL_RCC_GetClockConfig
                0x08003230                HAL_RCC_NMI_IRQHandler
                0x080032a8                HAL_RCC_CSSCallback
 .text          0x080032b4      0x444 obj\debug\stm32f1xx_hal_rcc_ex.o
                0x080032b4                HAL_RCCEx_PeriphCLKConfig
                0x080034ac                HAL_RCCEx_GetPeriphCLKConfig
                0x08003520                HAL_RCCEx_GetPeriphCLKFreq
 .text          0x080036f8     0x15dc obj\debug\stm32f1xx_ll_usb.o
                0x080036f8                USB_CoreInit
                0x0800371c                USB_EnableGlobalInt
                0x08003758                USB_DisableGlobalInt
                0x08003798                USB_SetCurrentMode
                0x080037b4                USB_DevInit
                0x08003808                USB_FlushTxFifo
                0x08003824                USB_FlushRxFifo
                0x0800383c                USB_ActivateEndpoint
                0x08003e90                USB_DeactivateEndpoint
                0x08004224                USB_EPStartXfer
                0x080047bc                USB_WritePacket
                0x080047dc                USB_ReadPacket
                0x080047fc                USB_EPSetStall
                0x080048d8                USB_EPClearStall
                0x08004a10                USB_StopDevice
                0x08004a48                USB_SetDevAddress
                0x08004a74                USB_DevConnect
                0x08004a8c                USB_DevDisconnect
                0x08004aa4                USB_ReadInterrupts
                0x08004acc                USB_ReadDevAllOutEpInterrupt
                0x08004ae4                USB_ReadDevAllInEpInterrupt
                0x08004afc                USB_ReadDevOutEPInterrupt
                0x08004b18                USB_ReadDevInEPInterrupt
                0x08004b34                USB_ClearInterrupts
                0x08004b48                USB_EP0_OutStart
                0x08004b64                USB_ActivateRemoteWakeup
                0x08004b90                USB_DeActivateRemoteWakeup
                0x08004bbc                USB_WritePMA
                0x08004c5c                USB_ReadPMA
 .text          0x08004cd4      0x3f0 obj\debug\usbd_customhid.o
                0x08004f3c                USBD_CUSTOM_HID_SendReport
                0x08005090                USBD_CUSTOM_HID_RegisterInterface
 .text          0x080050c4      0x5e8 obj\debug\usbd_core.o
                0x080050c4                USBD_Init
                0x08005124                USBD_DeInit
                0x08005164                USBD_RegisterClass
                0x080051a0                USBD_Start
                0x080051bc                USBD_Stop
                0x080051ec                USBD_RunTestMode
                0x08005204                USBD_SetClassConfig
                0x08005248                USBD_ClrClassConfig
                0x08005274                USBD_LL_SetupStage
                0x08005310                USBD_LL_DataOutStage
                0x080053cc                USBD_LL_DataInStage
                0x08005504                USBD_LL_Reset
                0x08005578                USBD_LL_SetSpeed
                0x0800559c                USBD_LL_Suspend
                0x080055cc                USBD_LL_Resume
                0x080055f0                USBD_LL_SOF
                0x08005628                USBD_LL_IsoINIncomplete
                0x08005644                USBD_LL_IsoOUTIncomplete
                0x08005660                USBD_LL_DevConnected
                0x08005678                USBD_LL_DevDisconnected
 .text          0x080056ac      0x9a4 obj\debug\usbd_ctlreq.o
                0x080056ac                USBD_StdDevReq
                0x08005750                USBD_StdItfReq
                0x080057bc                USBD_StdEPReq
                0x08005ed0                USBD_ParseSetupRequest
                0x08005f54                USBD_CtlError
                0x08005f7c                USBD_GetString
 .text          0x08006050      0x168 obj\debug\usbd_ioreq.o
                0x08006050                USBD_CtlSendData
                0x08006090                USBD_CtlContinueSendData
                0x080060bc                USBD_CtlPrepareRx
                0x08006100                USBD_CtlContinueRx
                0x0800612c                USBD_CtlSendStatus
                0x08006160                USBD_CtlReceiveStatus
                0x08006194                USBD_GetRxCount
 .text          0x080061b8      0x184 obj\debug\main.o
                0x080061b8                main
                0x080061d0                SystemClock_Config
                0x08006330                _Error_Handler
 .text          0x0800633c       0xe0 obj\debug\stm32f1xx_hal_msp.o
                0x0800633c                HAL_MspInit
 .text          0x0800641c       0x74 obj\debug\stm32f1xx_it.o
                0x0800641c                NMI_Handler
                0x08006428                HardFault_Handler
                0x08006430                MemManage_Handler
                0x08006438                BusFault_Handler
                0x08006440                UsageFault_Handler
                0x08006448                SVC_Handler
                0x08006454                DebugMon_Handler
                0x08006460                PendSV_Handler
                0x0800646c                SysTick_Handler
                0x0800647c                USB_LP_CAN1_RX0_IRQHandler
 .text          0x08006490      0x1f0 obj\debug\system_stm32f1xx.o
                0x08006490                SystemInit
                0x08006538                SystemCoreClockUpdate
 .text          0x08006680       0x54 obj\debug\usb_device.o
                0x08006680                MX_USB_DEVICE_Init
 .text          0x080066d4      0x9c0 obj\debug\usbd_conf.o
                0x080066d4                HAL_PCD_MspInit
                0x08006738                HAL_PCD_MspDeInit
                0x08006778                HAL_PCD_SetupStageCallback
                0x0800679c                HAL_PCD_DataOutStageCallback
                0x080067d4                HAL_PCD_DataInStageCallback
                0x0800680c                HAL_PCD_SOFCallback
                0x08006828                HAL_PCD_ResetCallback
                0x08006874                HAL_PCD_SuspendCallback
                0x080068b0                HAL_PCD_ResumeCallback
                0x080068cc                HAL_PCD_ISOOUTIncompleteCallback
                0x080068f0                HAL_PCD_ISOINIncompleteCallback
                0x08006914                HAL_PCD_ConnectCallback
                0x08006930                HAL_PCD_DisconnectCallback
                0x0800694c                USBD_LL_Init
                0x08006a68                USBD_LL_DeInit
                0x08006adc                USBD_LL_Start
                0x08006b50                USBD_LL_Stop
                0x08006bc4                USBD_LL_OpenEP
                0x08006c44                USBD_LL_CloseEP
                0x08006cc0                USBD_LL_FlushEP
                0x08006d3c                USBD_LL_StallEP
                0x08006db8                USBD_LL_ClearStallEP
                0x08006e34                USBD_LL_IsStallEP
                0x08006e88                USBD_LL_SetUSBAddress
                0x08006f04                USBD_LL_Transmit
                0x08006f88                USBD_LL_PrepareReceive
                0x0800700c                USBD_LL_GetRxDataSize
                0x08007034                USBD_LL_Delay
                0x0800704c                USBD_static_malloc
                0x08007068                USBD_static_free
                0x0800707c                HAL_PCDEx_SetConnectionState
 .text          0x08007094       0x48 obj\debug\usbd_custom_hid_if.o
 .text          0x080070dc      0x1d4 obj\debug\usbd_desc.o
                0x080070dc                USBD_FS_DeviceDescriptor
                0x08007104                USBD_FS_LangIDStrDescriptor
                0x0800712c                USBD_FS_ProductStrDescriptor
                0x08007180                USBD_FS_ManufacturerStrDescriptor
                0x080071b4                USBD_FS_SerialStrDescriptor
                0x08007208                USBD_FS_ConfigStrDescriptor
                0x0800725c                USBD_FS_InterfaceStrDescriptor
 *(.text*)
 .text.__register_exitproc
                0x080072b0       0xb0 c:/software/emblocks/share/em_armgcc/bin/../lib/gcc/arm-none-eabi/4.7.3/../../../../arm-none-eabi/lib/armv7-m\libc.a(lib_a-__atexit.o)
                0x080072b0                __register_exitproc
 .text.__libc_fini_array
                0x08007360       0x2c c:/software/emblocks/share/em_armgcc/bin/../lib/gcc/arm-none-eabi/4.7.3/../../../../arm-none-eabi/lib/armv7-m\libc.a(lib_a-fini.o)
                0x08007360                __libc_fini_array
 .text.__libc_init_array
                0x0800738c       0x50 c:/software/emblocks/share/em_armgcc/bin/../lib/gcc/arm-none-eabi/4.7.3/../../../../arm-none-eabi/lib/armv7-m\libc.a(lib_a-init.o)
                0x0800738c                __libc_init_array
 .text.startup.register_fini
                0x080073dc       0x14 c:/software/emblocks/share/em_armgcc/bin/../lib/gcc/arm-none-eabi/4.7.3/../../../../arm-none-eabi/lib/armv7-m\libc.a(lib_a-__call_atexit.o)
 .text.atexit   0x080073f0        0xc c:/software/emblocks/share/em_armgcc/bin/../lib/gcc/arm-none-eabi/4.7.3/../../../../arm-none-eabi/lib/armv7-m\libc.a(lib_a-atexit.o)
                0x080073f0                atexit
 .text.Reset_Handler
                0x080073fc       0x50 obj\debug\startup_stm32f103x6.o
                0x080073fc                Reset_Handler
 .text.Default_Handler
                0x0800744c        0x4 obj\debug\startup_stm32f103x6.o
                0x0800744c                RTC_Alarm_IRQHandler
                0x0800744c                EXTI2_IRQHandler
                0x0800744c                TIM1_CC_IRQHandler
                0x0800744c                PVD_IRQHandler
                0x0800744c                EXTI3_IRQHandler
                0x0800744c                EXTI0_IRQHandler
                0x0800744c                ADC1_2_IRQHandler
                0x0800744c                SPI1_IRQHandler
                0x0800744c                TAMPER_IRQHandler
                0x0800744c                DMA1_Channel4_IRQHandler
                0x0800744c                RTC_IRQHandler
                0x0800744c                DMA1_Channel7_IRQHandler
                0x0800744c                CAN1_RX1_IRQHandler
                0x0800744c                I2C1_EV_IRQHandler
                0x0800744c                DMA1_Channel6_IRQHandler
                0x0800744c                TIM3_IRQHandler
                0x0800744c                RCC_IRQHandler
                0x0800744c                TIM1_TRG_COM_IRQHandler
                0x0800744c                DMA1_Channel1_IRQHandler
                0x0800744c                Default_Handler
                0x0800744c                EXTI15_10_IRQHandler
                0x0800744c                EXTI9_5_IRQHandler
                0x0800744c                DMA1_Channel5_IRQHandler
                0x0800744c                EXTI4_IRQHandler
                0x0800744c                USB_HP_CAN1_TX_IRQHandler
                0x0800744c                DMA1_Channel3_IRQHandler
                0x0800744c                TIM1_UP_IRQHandler
                0x0800744c                WWDG_IRQHandler
                0x0800744c                TIM2_IRQHandler
                0x0800744c                TIM1_BRK_IRQHandler
                0x0800744c                EXTI1_IRQHandler
                0x0800744c                USART2_IRQHandler
                0x0800744c                DMA1_Channel2_IRQHandler
                0x0800744c                CAN1_SCE_IRQHandler
                0x0800744c                FLASH_IRQHandler
                0x0800744c                USART1_IRQHandler
                0x0800744c                I2C1_ER_IRQHandler
                0x0800744c                USBWakeUp_IRQHandler
 *(.glue_7)
 .glue_7        0x00000000        0x0 linker stubs
 *(.glue_7t)
 .glue_7t       0x00000000        0x0 linker stubs
 *(.eh_frame)
 .eh_frame      0x08007450        0x0 c:/software/emblocks/share/em_armgcc/bin/../lib/gcc/arm-none-eabi/4.7.3/armv7-m/crtbegin.o
 *(.init)
 .init          0x08007450        0x4 c:/software/emblocks/share/em_armgcc/bin/../lib/gcc/arm-none-eabi/4.7.3/armv7-m/crti.o
                0x08007450                _init
 .init          0x08007454        0x8 c:/software/emblocks/share/em_armgcc/bin/../lib/gcc/arm-none-eabi/4.7.3/armv7-m/crtn.o
 *(.fini)
 .fini          0x0800745c        0x4 c:/software/emblocks/share/em_armgcc/bin/../lib/gcc/arm-none-eabi/4.7.3/armv7-m/crti.o
                0x0800745c                _fini
 .fini          0x08007460        0x8 c:/software/emblocks/share/em_armgcc/bin/../lib/gcc/arm-none-eabi/4.7.3/armv7-m/crtn.o
                0x08007468                . = ALIGN (0x4)
                0x08007468                _etext = .

.vfp11_veneer   0x08007468        0x0
 .vfp11_veneer  0x00000000        0x0 linker stubs

.v4_bx          0x08007468        0x0
 .v4_bx         0x00000000        0x0 linker stubs

.iplt           0x08007468        0x0
 .iplt          0x00000000        0x0 c:/software/emblocks/share/em_armgcc/bin/../lib/gcc/arm-none-eabi/4.7.3/armv7-m/crtbegin.o

.rodata         0x08007468       0xd4
                0x08007468                . = ALIGN (0x4)
 *(.rodata)
 .rodata        0x08007468       0x14 obj\debug\stm32f1xx_hal_rcc.o
 .rodata        0x0800747c       0x14 obj\debug\stm32f1xx_hal_rcc_ex.o
 .rodata        0x08007490        0xc obj\debug\main.o
 .rodata        0x0800749c       0x18 obj\debug\system_stm32f1xx.o
                0x0800749c                AHBPrescTable
                0x080074ac                APBPrescTable
 .rodata        0x080074b4       0x10 obj\debug\usbd_conf.o
 .rodata        0x080074c4       0x70 obj\debug\usbd_desc.o
 *(.rodata*)
 .rodata.str1.4
                0x08007534        0x4 c:/software/emblocks/share/em_armgcc/bin/../lib/gcc/arm-none-eabi/4.7.3/../../../../arm-none-eabi/lib/armv7-m\libc.a(lib_a-impure.o)
 .rodata._global_impure_ptr
                0x08007538        0x4 c:/software/emblocks/share/em_armgcc/bin/../lib/gcc/arm-none-eabi/4.7.3/../../../../arm-none-eabi/lib/armv7-m\libc.a(lib_a-impure.o)
                0x08007538                _global_impure_ptr
                0x0800753c                . = ALIGN (0x4)

.rel.dyn        0x0800753c        0x0
 .rel.iplt      0x00000000        0x0 c:/software/emblocks/share/em_armgcc/bin/../lib/gcc/arm-none-eabi/4.7.3/armv7-m/crtbegin.o

.ARM.extab
 *(.ARM.extab* .gnu.linkonce.armextab.*)

.ARM            0x0800753c        0x0
                0x0800753c                __exidx_start = .
 *(.ARM.exidx*)
                0x0800753c                __exidx_end = .

.preinit_array  0x0800753c        0x0
                0x0800753c                PROVIDE (__preinit_array_start, .)
 *(.preinit_array*)
                0x0800753c                PROVIDE (__preinit_array_end, .)

.init_array     0x0800753c        0x8
                0x0800753c                PROVIDE (__init_array_start, .)
 *(SORT(.init_array.*))
 .init_array.00000
                0x0800753c        0x4 c:/software/emblocks/share/em_armgcc/bin/../lib/gcc/arm-none-eabi/4.7.3/../../../../arm-none-eabi/lib/armv7-m\libc.a(lib_a-__call_atexit.o)
 *(.init_array*)
 .init_array    0x08007540        0x4 c:/software/emblocks/share/em_armgcc/bin/../lib/gcc/arm-none-eabi/4.7.3/armv7-m/crtbegin.o
                0x08007544                PROVIDE (__init_array_end, .)

.fini_array     0x08007544        0x4
                0x08007544                PROVIDE (__fini_array_start, .)
 *(SORT(.fini_array.*))
 *(.fini_array*)
 .fini_array    0x08007544        0x4 c:/software/emblocks/share/em_armgcc/bin/../lib/gcc/arm-none-eabi/4.7.3/armv7-m/crtbegin.o
                0x08007548                PROVIDE (__fini_array_end, .)
                0x08007548                _sidata = LOADADDR (.data)

.data           0x20000000      0x500 load address 0x08007548
                0x20000000                . = ALIGN (0x4)
                0x20000000                _sdata = .
 *(.data)
 .data          0x20000000       0x88 obj\debug\usbd_customhid.o
                0x20000000                USBD_CUSTOM_HID
 .data          0x20000088        0x4 obj\debug\system_stm32f1xx.o
                0x20000088                SystemCoreClock
 .data          0x2000008c       0x14 obj\debug\usbd_custom_hid_if.o
                0x20000090                USBD_CustomHID_fops_FS
 .data          0x200000a0       0x34 obj\debug\usbd_desc.o
                0x200000a0                FS_Desc
                0x200000bc                USBD_FS_DeviceDesc
                0x200000d0                USBD_LangIDDesc
 *(.data*)
 *fill*         0x200000d4        0x4 
 .data.impure_data
                0x200000d8      0x428 c:/software/emblocks/share/em_armgcc/bin/../lib/gcc/arm-none-eabi/4.7.3/../../../../arm-none-eabi/lib/armv7-m\libc.a(lib_a-impure.o)
                0x20000500                . = ALIGN (0x4)
                0x20000500                _edata = .

.jcr            0x20000500        0x0 load address 0x08007a48
 .jcr           0x20000500        0x0 c:/software/emblocks/share/em_armgcc/bin/../lib/gcc/arm-none-eabi/4.7.3/armv7-m/crtbegin.o

.igot.plt       0x20000500        0x0 load address 0x08007a48
 .igot.plt      0x00000000        0x0 c:/software/emblocks/share/em_armgcc/bin/../lib/gcc/arm-none-eabi/4.7.3/armv7-m/crtbegin.o
                0x20000500                . = ALIGN (0x4)

.bss            0x20000500      0x8e0 load address 0x08007a48
                0x20000500                _sbss = .
                0x20000500                __bss_start__ = _sbss
 *(.bss)
 .bss           0x20000500       0x1c c:/software/emblocks/share/em_armgcc/bin/../lib/gcc/arm-none-eabi/4.7.3/armv7-m/crtbegin.o
 .bss           0x2000051c        0x1 obj\debug\usbd_ctlreq.o
 *fill*         0x2000051d        0x3 
 .bss           0x20000520       0x38 obj\debug\usbd_conf.o
 *(.bss*)
 *(COMMON)
 COMMON         0x20000558        0x4 obj\debug\stm32f1xx_hal.o
                0x20000558                uwTick
 COMMON         0x2000055c      0x224 obj\debug\usb_device.o
                0x2000055c                hUsbDeviceFS
 COMMON         0x20000780      0x460 obj\debug\usbd_conf.o
                0x20000780                hpcd_USB_FS
 COMMON         0x20000be0      0x200 obj\debug\usbd_desc.o
                0x20000be0                USBD_StrDesc
                0x20000de0                . = ALIGN (0x4)
                0x20000de0                _ebss = .
                0x20000de0                __bss_end__ = _ebss

._user_heap_stack
                0x20000de0      0x600 load address 0x08007a48
                0x20000de0                . = ALIGN (0x8)
                0x20000de0                PROVIDE (end, .)
                0x20000de0                PROVIDE (_end, .)
                0x20000fe0                . = (. + _Min_Heap_Size)
 *fill*         0x20000de0      0x200 
                0x200013e0                . = (. + _Min_Stack_Size)
 *fill*         0x20000fe0      0x400 
                0x200013e0                . = ALIGN (0x8)

/DISCARD/
 libc.a(*)
 libm.a(*)
 libgcc.a(*)

.ARM.attributes
                0x00000000       0x29
 *(.ARM.attributes)
 .ARM.attributes
                0x00000000       0x1d c:/software/emblocks/share/em_armgcc/bin/../lib/gcc/arm-none-eabi/4.7.3/armv7-m/crti.o
 .ARM.attributes
                0x0000001d       0x2d c:/software/emblocks/share/em_armgcc/bin/../lib/gcc/arm-none-eabi/4.7.3/armv7-m/crtbegin.o
 .ARM.attributes
                0x0000004a       0x33 obj\debug\stm32f1xx_hal.o
 .ARM.attributes
                0x0000007d       0x33 obj\debug\stm32f1xx_hal_cortex.o
 .ARM.attributes
                0x000000b0       0x33 obj\debug\stm32f1xx_hal_gpio.o
 .ARM.attributes
                0x000000e3       0x33 obj\debug\stm32f1xx_hal_pcd.o
 .ARM.attributes
                0x00000116       0x33 obj\debug\stm32f1xx_hal_pcd_ex.o
 .ARM.attributes
                0x00000149       0x33 obj\debug\stm32f1xx_hal_rcc.o
 .ARM.attributes
                0x0000017c       0x33 obj\debug\stm32f1xx_hal_rcc_ex.o
 .ARM.attributes
                0x000001af       0x33 obj\debug\stm32f1xx_ll_usb.o
 .ARM.attributes
                0x000001e2       0x33 obj\debug\usbd_customhid.o
 .ARM.attributes
                0x00000215       0x33 obj\debug\usbd_core.o
 .ARM.attributes
                0x00000248       0x33 obj\debug\usbd_ctlreq.o
 .ARM.attributes
                0x0000027b       0x33 obj\debug\usbd_ioreq.o
 .ARM.attributes
                0x000002ae       0x33 obj\debug\main.o
 .ARM.attributes
                0x000002e1       0x33 obj\debug\stm32f1xx_hal_msp.o
 .ARM.attributes
                0x00000314       0x33 obj\debug\stm32f1xx_it.o
 .ARM.attributes
                0x00000347       0x33 obj\debug\system_stm32f1xx.o
 .ARM.attributes
                0x0000037a       0x33 obj\debug\usb_device.o
 .ARM.attributes
                0x000003ad       0x33 obj\debug\usbd_conf.o
 .ARM.attributes
                0x000003e0       0x33 obj\debug\usbd_custom_hid_if.o
 .ARM.attributes
                0x00000413       0x33 obj\debug\usbd_desc.o
 .ARM.attributes
                0x00000446       0x21 obj\debug\startup_stm32f103x6.o
 .ARM.attributes
                0x00000467       0x1d c:/software/emblocks/share/em_armgcc/bin/../lib/gcc/arm-none-eabi/4.7.3/armv7-m/crtn.o
LOAD obj\debug\stm32f1xx_hal.o
LOAD obj\debug\stm32f1xx_hal_cortex.o
LOAD obj\debug\stm32f1xx_hal_dma.o
LOAD obj\debug\stm32f1xx_hal_flash.o
LOAD obj\debug\stm32f1xx_hal_flash_ex.o
LOAD obj\debug\stm32f1xx_hal_gpio.o
LOAD obj\debug\stm32f1xx_hal_gpio_ex.o
LOAD obj\debug\stm32f1xx_hal_pcd.o
LOAD obj\debug\stm32f1xx_hal_pcd_ex.o
LOAD obj\debug\stm32f1xx_hal_pwr.o
LOAD obj\debug\stm32f1xx_hal_rcc.o
LOAD obj\debug\stm32f1xx_hal_rcc_ex.o
LOAD obj\debug\stm32f1xx_hal_tim.o
LOAD obj\debug\stm32f1xx_hal_tim_ex.o
LOAD obj\debug\stm32f1xx_ll_usb.o
LOAD obj\debug\usbd_customhid.o
LOAD obj\debug\usbd_core.o
LOAD obj\debug\usbd_ctlreq.o
LOAD obj\debug\usbd_ioreq.o
LOAD obj\debug\main.o
LOAD obj\debug\stm32f1xx_hal_msp.o
LOAD obj\debug\stm32f1xx_it.o
LOAD obj\debug\system_stm32f1xx.o
LOAD obj\debug\usb_device.o
LOAD obj\debug\usbd_conf.o
LOAD obj\debug\usbd_custom_hid_if.o
LOAD obj\debug\usbd_desc.o
LOAD obj\debug\startup_stm32f103x6.o
START GROUP
LOAD c:/software/emblocks/share/em_armgcc/bin/../lib/gcc/arm-none-eabi/4.7.3/armv7-m\libgcc.a
LOAD c:/software/emblocks/share/em_armgcc/bin/../lib/gcc/arm-none-eabi/4.7.3/../../../../arm-none-eabi/lib/armv7-m\libc.a
LOAD c:/software/emblocks/share/em_armgcc/bin/../lib/gcc/arm-none-eabi/4.7.3/../../../../arm-none-eabi/lib/armv7-m\libg.a
LOAD c:/software/emblocks/share/em_armgcc/bin/../lib/gcc/arm-none-eabi/4.7.3/../../../../arm-none-eabi/lib/armv7-m\libm.a
LOAD c:/software/emblocks/share/em_armgcc/bin/../lib/gcc/arm-none-eabi/4.7.3/../../../../arm-none-eabi/lib/armv7-m\libnosys.a
END GROUP
LOAD c:/software/emblocks/share/em_armgcc/bin/../lib/gcc/arm-none-eabi/4.7.3/armv7-m/crtend.o
LOAD c:/software/emblocks/share/em_armgcc/bin/../lib/gcc/arm-none-eabi/4.7.3/armv7-m/crtn.o
OUTPUT(bin\Debug\mxtest.elf elf32-littlearm)

.debug_info     0x00000000     0x9c6f
 .debug_info    0x00000000      0x62b obj\debug\stm32f1xx_hal.o
 .debug_info    0x0000062b      0xb37 obj\debug\stm32f1xx_hal_cortex.o
 .debug_info    0x00001162      0x62f obj\debug\stm32f1xx_hal_gpio.o
 .debug_info    0x00001791      0xd7a obj\debug\stm32f1xx_hal_pcd.o
 .debug_info    0x0000250b      0x5e3 obj\debug\stm32f1xx_hal_pcd_ex.o
 .debug_info    0x00002aee      0x839 obj\debug\stm32f1xx_hal_rcc.o
 .debug_info    0x00003327      0x3c3 obj\debug\stm32f1xx_hal_rcc_ex.o
 .debug_info    0x000036ea      0xf1a obj\debug\stm32f1xx_ll_usb.o
 .debug_info    0x00004604      0x991 obj\debug\usbd_customhid.o
 .debug_info    0x00004f95      0x9a4 obj\debug\usbd_core.o
 .debug_info    0x00005939      0x90d obj\debug\usbd_ctlreq.o
 .debug_info    0x00006246      0x6f2 obj\debug\usbd_ioreq.o
 .debug_info    0x00006938      0x4fd obj\debug\main.o
 .debug_info    0x00006e35      0x323 obj\debug\stm32f1xx_hal_msp.o
 .debug_info    0x00007158      0x5f9 obj\debug\stm32f1xx_it.o
 .debug_info    0x00007751      0x3e9 obj\debug\system_stm32f1xx.o
 .debug_info    0x00007b3a      0x5de obj\debug\usb_device.o
 .debug_info    0x00008118     0x1597 obj\debug\usbd_conf.o
 .debug_info    0x000096af      0x1ce obj\debug\usbd_custom_hid_if.o
 .debug_info    0x0000987d      0x391 obj\debug\usbd_desc.o
 .debug_info    0x00009c0e       0x61 obj\debug\startup_stm32f103x6.o

.debug_abbrev   0x00000000     0x1f7f
 .debug_abbrev  0x00000000      0x1c2 obj\debug\stm32f1xx_hal.o
 .debug_abbrev  0x000001c2      0x27e obj\debug\stm32f1xx_hal_cortex.o
 .debug_abbrev  0x00000440      0x1ad obj\debug\stm32f1xx_hal_gpio.o
 .debug_abbrev  0x000005ed      0x224 obj\debug\stm32f1xx_hal_pcd.o
 .debug_abbrev  0x00000811      0x14e obj\debug\stm32f1xx_hal_pcd_ex.o
 .debug_abbrev  0x0000095f      0x24c obj\debug\stm32f1xx_hal_rcc.o
 .debug_abbrev  0x00000bab      0x162 obj\debug\stm32f1xx_hal_rcc_ex.o
 .debug_abbrev  0x00000d0d      0x18f obj\debug\stm32f1xx_ll_usb.o
 .debug_abbrev  0x00000e9c      0x1ee obj\debug\usbd_customhid.o
 .debug_abbrev  0x0000108a      0x1af obj\debug\usbd_core.o
 .debug_abbrev  0x00001239      0x1df obj\debug\usbd_ctlreq.o
 .debug_abbrev  0x00001418      0x11f obj\debug\usbd_ioreq.o
 .debug_abbrev  0x00001537      0x15d obj\debug\main.o
 .debug_abbrev  0x00001694       0xe4 obj\debug\stm32f1xx_hal_msp.o
 .debug_abbrev  0x00001778      0x13b obj\debug\stm32f1xx_it.o
 .debug_abbrev  0x000018b3      0x123 obj\debug\system_stm32f1xx.o
 .debug_abbrev  0x000019d6      0x128 obj\debug\usb_device.o
 .debug_abbrev  0x00001afe      0x22b obj\debug\usbd_conf.o
 .debug_abbrev  0x00001d29      0x107 obj\debug\usbd_custom_hid_if.o
 .debug_abbrev  0x00001e30      0x13d obj\debug\usbd_desc.o
 .debug_abbrev  0x00001f6d       0x12 obj\debug\startup_stm32f103x6.o

.debug_loc      0x00000000     0x346f
 .debug_loc     0x00000000      0x394 obj\debug\stm32f1xx_hal.o
 .debug_loc     0x00000394      0x610 obj\debug\stm32f1xx_hal_cortex.o
 .debug_loc     0x000009a4      0x1c0 obj\debug\stm32f1xx_hal_gpio.o
 .debug_loc     0x00000b64      0x739 obj\debug\stm32f1xx_hal_pcd.o
 .debug_loc     0x0000129d       0x70 obj\debug\stm32f1xx_hal_pcd_ex.o
 .debug_loc     0x0000130d      0x2e8 obj\debug\stm32f1xx_hal_rcc.o
 .debug_loc     0x000015f5       0xaa obj\debug\stm32f1xx_hal_rcc_ex.o
 .debug_loc     0x0000169f      0x672 obj\debug\stm32f1xx_ll_usb.o
 .debug_loc     0x00001d11      0x230 obj\debug\usbd_customhid.o
 .debug_loc     0x00001f41      0x460 obj\debug\usbd_core.o
 .debug_loc     0x000023a1      0x310 obj\debug\usbd_ctlreq.o
 .debug_loc     0x000026b1      0x188 obj\debug\usbd_ioreq.o
 .debug_loc     0x00002839       0xd6 obj\debug\main.o
 .debug_loc     0x0000290f       0x38 obj\debug\stm32f1xx_hal_msp.o
 .debug_loc     0x00002947      0x1b8 obj\debug\stm32f1xx_it.o
 .debug_loc     0x00002aff       0x64 obj\debug\system_stm32f1xx.o
 .debug_loc     0x00002b63       0x2c obj\debug\usb_device.o
 .debug_loc     0x00002b8f      0x6c8 obj\debug\usbd_conf.o
 .debug_loc     0x00003257       0x90 obj\debug\usbd_custom_hid_if.o
 .debug_loc     0x000032e7      0x188 obj\debug\usbd_desc.o

.debug_aranges  0x00000000      0x2a8
 .debug_aranges
                0x00000000       0x20 obj\debug\stm32f1xx_hal.o
 .debug_aranges
                0x00000020       0x20 obj\debug\stm32f1xx_hal_cortex.o
 .debug_aranges
                0x00000040       0x20 obj\debug\stm32f1xx_hal_gpio.o
 .debug_aranges
                0x00000060       0x20 obj\debug\stm32f1xx_hal_pcd.o
 .debug_aranges
                0x00000080       0x20 obj\debug\stm32f1xx_hal_pcd_ex.o
 .debug_aranges
                0x000000a0       0x20 obj\debug\stm32f1xx_hal_rcc.o
 .debug_aranges
                0x000000c0       0x20 obj\debug\stm32f1xx_hal_rcc_ex.o
 .debug_aranges
                0x000000e0       0x20 obj\debug\stm32f1xx_ll_usb.o
 .debug_aranges
                0x00000100       0x20 obj\debug\usbd_customhid.o
 .debug_aranges
                0x00000120       0x20 obj\debug\usbd_core.o
 .debug_aranges
                0x00000140       0x20 obj\debug\usbd_ctlreq.o
 .debug_aranges
                0x00000160       0x20 obj\debug\usbd_ioreq.o
 .debug_aranges
                0x00000180       0x20 obj\debug\main.o
 .debug_aranges
                0x000001a0       0x20 obj\debug\stm32f1xx_hal_msp.o
 .debug_aranges
                0x000001c0       0x20 obj\debug\stm32f1xx_it.o
 .debug_aranges
                0x000001e0       0x20 obj\debug\system_stm32f1xx.o
 .debug_aranges
                0x00000200       0x20 obj\debug\usb_device.o
 .debug_aranges
                0x00000220       0x20 obj\debug\usbd_conf.o
 .debug_aranges
                0x00000240       0x20 obj\debug\usbd_custom_hid_if.o
 .debug_aranges
                0x00000260       0x20 obj\debug\usbd_desc.o
 .debug_aranges
                0x00000280       0x28 obj\debug\startup_stm32f103x6.o

.debug_macro    0x00000000    0x15401
 .debug_macro   0x00000000      0x25b obj\debug\stm32f1xx_hal.o
 .debug_macro   0x0000025b      0x814 obj\debug\stm32f1xx_hal.o
 .debug_macro   0x00000a6f       0x10 obj\debug\stm32f1xx_hal.o
 .debug_macro   0x00000a7f      0x163 obj\debug\stm32f1xx_hal.o
 .debug_macro   0x00000be2       0x34 obj\debug\stm32f1xx_hal.o
 .debug_macro   0x00000c16       0x22 obj\debug\stm32f1xx_hal.o
 .debug_macro   0x00000c38       0x3a obj\debug\stm32f1xx_hal.o
 .debug_macro   0x00000c72       0x10 obj\debug\stm32f1xx_hal.o
 .debug_macro   0x00000c82       0x2e obj\debug\stm32f1xx_hal.o
 .debug_macro   0x00000cb0       0xa2 obj\debug\stm32f1xx_hal.o
 .debug_macro   0x00000d52      0x20e obj\debug\stm32f1xx_hal.o
 .debug_macro   0x00000f60       0x34 obj\debug\stm32f1xx_hal.o
 .debug_macro   0x00000f94       0x34 obj\debug\stm32f1xx_hal.o
 .debug_macro   0x00000fc8      0xb8e obj\debug\stm32f1xx_hal.o
 .debug_macro   0x00001b56     0xe6e1 obj\debug\stm32f1xx_hal.o
 .debug_macro   0x00010237       0x43 obj\debug\stm32f1xx_hal.o
 .debug_macro   0x0001027a       0x16 obj\debug\stm32f1xx_hal.o
 .debug_macro   0x00010290       0x97 obj\debug\stm32f1xx_hal.o
 .debug_macro   0x00010327       0x10 obj\debug\stm32f1xx_hal.o
 .debug_macro   0x00010337       0x3a obj\debug\stm32f1xx_hal.o
 .debug_macro   0x00010371       0x52 obj\debug\stm32f1xx_hal.o
 .debug_macro   0x000103c3       0x19 obj\debug\stm32f1xx_hal.o
 .debug_macro   0x000103dc      0x16d obj\debug\stm32f1xx_hal.o
 .debug_macro   0x00010549       0x10 obj\debug\stm32f1xx_hal.o
 .debug_macro   0x00010559       0xf5 obj\debug\stm32f1xx_hal.o
 .debug_macro   0x0001064e       0x22 obj\debug\stm32f1xx_hal.o
 .debug_macro   0x00010670       0x97 obj\debug\stm32f1xx_hal.o
 .debug_macro   0x00010707       0x16 obj\debug\stm32f1xx_hal.o
 .debug_macro   0x0001071d      0x16c obj\debug\stm32f1xx_hal.o
 .debug_macro   0x00010889       0x5e obj\debug\stm32f1xx_hal.o
 .debug_macro   0x000108e7      0x5c2 obj\debug\stm32f1xx_hal.o
 .debug_macro   0x00010ea9      0x1b9 obj\debug\stm32f1xx_hal.o
 .debug_macro   0x00011062      0x1cb obj\debug\stm32f1xx_hal.o
 .debug_macro   0x0001122d      0x11e obj\debug\stm32f1xx_hal.o
 .debug_macro   0x0001134b      0x197 obj\debug\stm32f1xx_hal.o
 .debug_macro   0x000114e2       0x27 obj\debug\stm32f1xx_hal.o
 .debug_macro   0x00011509      0x1bc obj\debug\stm32f1xx_hal.o
 .debug_macro   0x000116c5       0x34 obj\debug\stm32f1xx_hal.o
 .debug_macro   0x000116f9       0x3c obj\debug\stm32f1xx_hal.o
 .debug_macro   0x00011735       0x57 obj\debug\stm32f1xx_hal.o
 .debug_macro   0x0001178c       0x8c obj\debug\stm32f1xx_hal.o
 .debug_macro   0x00011818      0x185 obj\debug\stm32f1xx_hal.o
 .debug_macro   0x0001199d      0x143 obj\debug\stm32f1xx_hal.o
 .debug_macro   0x00011ae0       0x50 obj\debug\stm32f1xx_hal.o
 .debug_macro   0x00011b30      0x26c obj\debug\stm32f1xx_hal.o
 .debug_macro   0x00011d9c       0x62 obj\debug\stm32f1xx_hal.o
 .debug_macro   0x00011dfe      0x237 obj\debug\stm32f1xx_hal_cortex.o
 .debug_macro   0x00012035      0x2a7 obj\debug\stm32f1xx_hal_gpio.o
 .debug_macro   0x000122dc      0x243 obj\debug\stm32f1xx_hal_pcd.o
 .debug_macro   0x0001251f      0x237 obj\debug\stm32f1xx_hal_pcd_ex.o
 .debug_macro   0x00012756      0x249 obj\debug\stm32f1xx_hal_rcc.o
 .debug_macro   0x0001299f      0x237 obj\debug\stm32f1xx_hal_rcc_ex.o
 .debug_macro   0x00012bd6      0x237 obj\debug\stm32f1xx_ll_usb.o
 .debug_macro   0x00012e0d      0x2f1 obj\debug\usbd_customhid.o
 .debug_macro   0x000130fe       0x16 obj\debug\usbd_customhid.o
 .debug_macro   0x00013114       0x35 obj\debug\usbd_customhid.o
 .debug_macro   0x00013149       0x16 obj\debug\usbd_customhid.o
 .debug_macro   0x0001315f       0x23 obj\debug\usbd_customhid.o
 .debug_macro   0x00013182       0xac obj\debug\usbd_customhid.o
 .debug_macro   0x0001322e       0x10 obj\debug\usbd_customhid.o
 .debug_macro   0x0001323e       0x1f obj\debug\usbd_customhid.o
 .debug_macro   0x0001325d      0x214 obj\debug\usbd_customhid.o
 .debug_macro   0x00013471       0x64 obj\debug\usbd_customhid.o
 .debug_macro   0x000134d5       0x6c obj\debug\usbd_customhid.o
 .debug_macro   0x00013541      0x1c3 obj\debug\usbd_customhid.o
 .debug_macro   0x00013704       0x5e obj\debug\usbd_customhid.o
 .debug_macro   0x00013762      0x2d8 obj\debug\usbd_core.o
 .debug_macro   0x00013a3a      0x2d8 obj\debug\usbd_ctlreq.o
 .debug_macro   0x00013d12      0x2d4 obj\debug\usbd_ioreq.o
 .debug_macro   0x00013fe6      0x2c6 obj\debug\main.o
 .debug_macro   0x000142ac      0x237 obj\debug\stm32f1xx_hal_msp.o
 .debug_macro   0x000144e3      0x241 obj\debug\stm32f1xx_it.o
 .debug_macro   0x00014724       0xd2 obj\debug\system_stm32f1xx.o
 .debug_macro   0x000147f6      0x315 obj\debug\usb_device.o
 .debug_macro   0x00014b0b      0x2f7 obj\debug\usbd_conf.o
 .debug_macro   0x00014e02      0x2ed obj\debug\usbd_custom_hid_if.o
 .debug_macro   0x000150ef      0x312 obj\debug\usbd_desc.o

.debug_line     0x00000000     0x7fe6
 .debug_line    0x00000000      0x5af obj\debug\stm32f1xx_hal.o
 .debug_line    0x000005af      0x655 obj\debug\stm32f1xx_hal_cortex.o
 .debug_line    0x00000c04      0x69a obj\debug\stm32f1xx_hal_gpio.o
 .debug_line    0x0000129e      0x84f obj\debug\stm32f1xx_hal_pcd.o
 .debug_line    0x00001aed      0x557 obj\debug\stm32f1xx_hal_pcd_ex.o
 .debug_line    0x00002044      0x755 obj\debug\stm32f1xx_hal_rcc.o
 .debug_line    0x00002799      0x5da obj\debug\stm32f1xx_hal_rcc_ex.o
 .debug_line    0x00002d73      0x828 obj\debug\stm32f1xx_ll_usb.o
 .debug_line    0x0000359b      0x6fa obj\debug\usbd_customhid.o
 .debug_line    0x00003c95      0x6fc obj\debug\usbd_core.o
 .debug_line    0x00004391      0x792 obj\debug\usbd_ctlreq.o
 .debug_line    0x00004b23      0x63e obj\debug\usbd_ioreq.o
 .debug_line    0x00005161      0x5f5 obj\debug\main.o
 .debug_line    0x00005756      0x533 obj\debug\stm32f1xx_hal_msp.o
 .debug_line    0x00005c89      0x563 obj\debug\stm32f1xx_it.o
 .debug_line    0x000061ec      0x31e obj\debug\system_stm32f1xx.o
 .debug_line    0x0000650a      0x670 obj\debug\usb_device.o
 .debug_line    0x00006b7a      0x76f obj\debug\usbd_conf.o
 .debug_line    0x000072e9      0x661 obj\debug\usbd_custom_hid_if.o
 .debug_line    0x0000794a      0x622 obj\debug\usbd_desc.o
 .debug_line    0x00007f6c       0x7a obj\debug\startup_stm32f103x6.o

.debug_str      0x00000000    0x68484
 .debug_str     0x00000000    0x650bb obj\debug\stm32f1xx_hal.o
                              0x653f9 (size before relaxing)
 .debug_str     0x000650bb      0x32b obj\debug\stm32f1xx_hal_cortex.o
                              0x65441 (size before relaxing)
 .debug_str     0x000653e6      0x39e obj\debug\stm32f1xx_hal_gpio.o
                              0x651af (size before relaxing)
 .debug_str     0x00065784      0x67d obj\debug\stm32f1xx_hal_pcd.o
                              0x65484 (size before relaxing)
 .debug_str     0x00065e01       0x71 obj\debug\stm32f1xx_hal_pcd_ex.o
                              0x65102 (size before relaxing)
 .debug_str     0x00065e72      0x381 obj\debug\stm32f1xx_hal_rcc.o
                              0x65211 (size before relaxing)
 .debug_str     0x000661f3      0x128 obj\debug\stm32f1xx_hal_rcc_ex.o
                              0x64f82 (size before relaxing)
 .debug_str     0x0006631b      0x2cc obj\debug\stm32f1xx_ll_usb.o
                              0x652d5 (size before relaxing)
 .debug_str     0x000665e7     0x14f5 obj\debug\usbd_customhid.o
                              0x6634a (size before relaxing)
 .debug_str     0x00067adc      0x1b2 obj\debug\usbd_core.o
                              0x66068 (size before relaxing)
 .debug_str     0x00067c8e      0x12c obj\debug\usbd_ctlreq.o
                              0x66002 (size before relaxing)
 .debug_str     0x00067dba       0xc6 obj\debug\usbd_ioreq.o
                              0x65f8a (size before relaxing)
 .debug_str     0x00067e80       0x54 obj\debug\main.o
                              0x65f7d (size before relaxing)
 .debug_str     0x00067ed4       0x18 obj\debug\stm32f1xx_hal_msp.o
                              0x6508f (size before relaxing)
 .debug_str     0x00067eec       0xc1 obj\debug\stm32f1xx_it.o
                              0x65122 (size before relaxing)
 .debug_str     0x00067fad       0x8c obj\debug\system_stm32f1xx.o
                              0x53bdb (size before relaxing)
 .debug_str     0x00068039       0x69 obj\debug\usb_device.o
                              0x66137 (size before relaxing)
 .debug_str     0x000680a2      0x134 obj\debug\usbd_conf.o
                              0x669c2 (size before relaxing)
 .debug_str     0x000681d6       0x7b obj\debug\usbd_custom_hid_if.o
                              0x65db5 (size before relaxing)
 .debug_str     0x00068251      0x233 obj\debug\usbd_desc.o
                              0x65e4a (size before relaxing)

.comment        0x00000000       0x4e
 .comment       0x00000000       0x4e obj\debug\stm32f1xx_hal.o
                                 0x4f (size before relaxing)
 .comment       0x00000000       0x4f obj\debug\stm32f1xx_hal_cortex.o
 .comment       0x00000000       0x4f obj\debug\stm32f1xx_hal_gpio.o
 .comment       0x00000000       0x4f obj\debug\stm32f1xx_hal_pcd.o
 .comment       0x00000000       0x4f obj\debug\stm32f1xx_hal_pcd_ex.o
 .comment       0x00000000       0x4f obj\debug\stm32f1xx_hal_rcc.o
 .comment       0x00000000       0x4f obj\debug\stm32f1xx_hal_rcc_ex.o
 .comment       0x00000000       0x4f obj\debug\stm32f1xx_ll_usb.o
 .comment       0x00000000       0x4f obj\debug\usbd_customhid.o
 .comment       0x00000000       0x4f obj\debug\usbd_core.o
 .comment       0x00000000       0x4f obj\debug\usbd_ctlreq.o
 .comment       0x00000000       0x4f obj\debug\usbd_ioreq.o
 .comment       0x00000000       0x4f obj\debug\main.o
 .comment       0x00000000       0x4f obj\debug\stm32f1xx_hal_msp.o
 .comment       0x00000000       0x4f obj\debug\stm32f1xx_it.o
 .comment       0x00000000       0x4f obj\debug\system_stm32f1xx.o
 .comment       0x00000000       0x4f obj\debug\usb_device.o
 .comment       0x00000000       0x4f obj\debug\usbd_conf.o
 .comment       0x00000000       0x4f obj\debug\usbd_custom_hid_if.o
 .comment       0x00000000       0x4f obj\debug\usbd_desc.o

.debug_frame    0x00000000     0x1dc8
 .debug_frame   0x00000000      0x20c obj\debug\stm32f1xx_hal.o
 .debug_frame   0x0000020c      0x35c obj\debug\stm32f1xx_hal_cortex.o
 .debug_frame   0x00000568       0xf4 obj\debug\stm32f1xx_hal_gpio.o
 .debug_frame   0x0000065c      0x3f8 obj\debug\stm32f1xx_hal_pcd.o
 .debug_frame   0x00000a54       0x48 obj\debug\stm32f1xx_hal_pcd_ex.o
 .debug_frame   0x00000a9c      0x1b0 obj\debug\stm32f1xx_hal_rcc.o
 .debug_frame   0x00000c4c       0x6c obj\debug\stm32f1xx_hal_rcc_ex.o
 .debug_frame   0x00000cb8      0x358 obj\debug\stm32f1xx_ll_usb.o
 .debug_frame   0x00001010      0x140 obj\debug\usbd_customhid.o
 .debug_frame   0x00001150      0x270 obj\debug\usbd_core.o
 .debug_frame   0x000013c0      0x1c8 obj\debug\usbd_ctlreq.o
 .debug_frame   0x00001588       0xf0 obj\debug\usbd_ioreq.o
 .debug_frame   0x00001678       0x84 obj\debug\main.o
 .debug_frame   0x000016fc       0x30 obj\debug\stm32f1xx_hal_msp.o
 .debug_frame   0x0000172c      0x108 obj\debug\stm32f1xx_it.o
 .debug_frame   0x00001834       0x44 obj\debug\system_stm32f1xx.o
 .debug_frame   0x00001878       0x2c obj\debug\usb_device.o
 .debug_frame   0x000018a4      0x3e0 obj\debug\usbd_conf.o
 .debug_frame   0x00001c84       0x5c obj\debug\usbd_custom_hid_if.o
 .debug_frame   0x00001ce0       0xe8 obj\debug\usbd_desc.o

.debug_ranges   0x00000000       0x20
 .debug_ranges  0x00000000       0x20 obj\debug\startup_stm32f103x6.o
